// Jest Snapshot v1, https://goo.gl/fbAQLP

exports[`<App /> renders correctly 1`] = `
<View
  style={
    Object {
      "alignItems": "center",
      "backgroundColor": "#fff",
      "flex": 1,
      "justifyContent": "center",
      "padding": 15,
    }
  }
>
  <Text
    style={
      Object {
        "borderBottomColor": "gray",
        "borderBottomWidth": 2,
        "color": "orange",
        "fontSize": 40,
        "padding": 5,
      }
    }
  >
    Heading
  </Text>
  <Text
    style={
      Object {
        "color": "#222",
        "fontSize": 18,
        "marginBottom": 15,
        "marginTop": 15,
      }
    }
  >
    To share a photo from your phone with a friend, just press the button below!
  </Text>
  <View
    accessible={true}
    collapsable={false}
    focusable={true}
    onClick={[Function]}
    onResponderGrant={[Function]}
    onResponderMove={[Function]}
    onResponderRelease={[Function]}
    onResponderTerminate={[Function]}
    onResponderTerminationRequest={[Function]}
    onStartShouldSetResponder={[Function]}
    style={
      Object {
        "backgroundColor": "orange",
        "borderRadius": 8,
        "marginVertical": 10,
        "opacity": 1,
        "padding": 10,
      }
    }
  >
    <Text
      style={
        Object {
          "color": "#FFFFFF",
          "fontSize": 20,
        }
      }
    >
      Pick a Photo
    </Text>
  </View>
</View>
`;
